{"timestamp": "2025-07-17T20:35:55.968678", "success": false, "auth_type": "login", "identifier": "sumanth3633@gmail.com", "details": {"reason": "user_not_found"}}
{"timestamp": "2025-07-17T20:36:11.177114", "success": true, "auth_type": "user_creation", "identifier": "sumanth3633@gmail.com", "details": {"user_id": "e171c1d9-c2c0-44dc-bc65-372ad9ae5e02"}}
{"timestamp": "2025-07-17T20:36:16.021253", "success": true, "auth_type": "login", "identifier": "sumanth3633@gmail.com", "details": {"user_id": "e171c1d9-c2c0-44dc-bc65-372ad9ae5e02"}}
{"timestamp": "2025-07-17T20:36:58.114111", "success": false, "auth_type": "login", "identifier": "sumanth3633@gmail.com", "details": {"reason": "password_not_set", "user_id": "e171c1d9-c2c0-44dc-bc65-372ad9ae5e02"}}
{"timestamp": "2025-07-17T20:37:06.130009", "success": false, "auth_type": "login", "identifier": "sumanth3633@gmail.com", "details": {"reason": "password_not_set", "user_id": "e171c1d9-c2c0-44dc-bc65-372ad9ae5e02"}}
{"timestamp": "2025-07-17T20:37:07.609421", "success": false, "auth_type": "login", "identifier": "sumanth3633@gmail.com", "details": {"reason": "password_not_set", "user_id": "e171c1d9-c2c0-44dc-bc65-372ad9ae5e02"}}
{"timestamp": "2025-07-17T20:37:08.234054", "success": false, "auth_type": "login", "identifier": "sumanth3633@gmail.com", "details": {"reason": "password_not_set", "user_id": "e171c1d9-c2c0-44dc-bc65-372ad9ae5e02"}}
{"timestamp": "2025-07-17T20:37:16.176963", "success": false, "auth_type": "login", "identifier": "sumanth3633@gmail.com", "details": {"reason": "password_not_set", "user_id": "e171c1d9-c2c0-44dc-bc65-372ad9ae5e02"}}
{"timestamp": "2025-07-17T20:41:40.779990", "success": false, "auth_type": "login", "identifier": "sumanth3633@gmail.com", "details": {"reason": "password_not_set", "user_id": "e171c1d9-c2c0-44dc-bc65-372ad9ae5e02"}}
{"timestamp": "2025-07-17T20:41:44.032585", "success": false, "auth_type": "login", "identifier": "sumanth3633@gmail.com", "details": {"reason": "password_not_set", "user_id": "e171c1d9-c2c0-44dc-bc65-372ad9ae5e02"}}
{"timestamp": "2025-07-17T20:41:45.876191", "success": false, "auth_type": "login", "identifier": "sumanth3633@gmail.com", "details": {"reason": "password_not_set", "user_id": "e171c1d9-c2c0-44dc-bc65-372ad9ae5e02"}}
{"timestamp": "2025-07-17T20:42:06.557777", "success": false, "auth_type": "login", "identifier": "sumanth3633@gmail.com", "details": {"reason": "password_not_set", "user_id": "e171c1d9-c2c0-44dc-bc65-372ad9ae5e02"}}
{"timestamp": "2025-07-17T20:52:41.592834", "success": false, "auth_type": "login", "identifier": "sumanth3633@gmail.com", "details": {"reason": "password_not_set", "user_id": "e171c1d9-c2c0-44dc-bc65-372ad9ae5e02"}}
{"timestamp": "2025-07-17T20:54:54.273508", "success": false, "auth_type": "login", "identifier": "sumanth3633@gmail.com", "details": {"reason": "password_not_set", "user_id": "e171c1d9-c2c0-44dc-bc65-372ad9ae5e02"}}
{"timestamp": "2025-07-17T20:57:51.233986", "success": false, "auth_type": "login", "identifier": "admin@example.com", "details": {"reason": "password_not_set", "user_id": "f83f69c8-5c26-4b77-8454-5f4e0bac384d"}}
{"timestamp": "2025-07-17T20:58:06.942515", "success": false, "auth_type": "login", "identifier": "admin@example.com", "details": {"reason": "password_not_set", "user_id": "f83f69c8-5c26-4b77-8454-5f4e0bac384d"}}
{"timestamp": "2025-07-17T21:05:29.268624", "success": false, "auth_type": "login", "identifier": "sumanth3633@gmail.com", "details": {"reason": "password_not_set", "user_id": "e171c1d9-c2c0-44dc-bc65-372ad9ae5e02"}}
{"timestamp": "2025-07-17T21:05:32.142285", "success": false, "auth_type": "login", "identifier": "sumanth3633@gmail.com", "details": {"reason": "password_not_set", "user_id": "e171c1d9-c2c0-44dc-bc65-372ad9ae5e02"}}
{"timestamp": "2025-07-17T21:08:17.790955", "success": false, "auth_type": "login", "identifier": "admin@example.com", "details": {"reason": "password_not_set", "user_id": "f83f69c8-5c26-4b77-8454-5f4e0bac384d"}}
{"timestamp": "2025-07-17T21:08:21.554994", "success": false, "auth_type": "login", "identifier": "sumanth3633@gmail.com", "details": {"reason": "password_not_set", "user_id": "e171c1d9-c2c0-44dc-bc65-372ad9ae5e02"}}
